// Jest Snapshot v1, https://goo.gl/fbAQLP

exports[`Jest Snapshot testing suite Matches DOM Snapshot 1`] = `
<div
  className="App green-background"
>
  <div
    className="App"
  >
    <div
      className="content-area"
    >
      <div
        className="main-row"
      >
        <div
          className="logo"
        >
          <img
            alt="Logo"
            className="full-width"
            src="itunes-logo.png"
          />
        </div>
        <div
          className="title"
        >
          <h3>
            iTunes API App
          </h3>
        </div>
        <div
          className="favourites"
        >
          <a
            href="/favourites"
            onClick={[Function]}
          >
            <button
              className="btn btn-danger btn btn-primary"
              disabled={false}
              type="button"
            >
              Favourites 
              <i
                className="fa fa-heart"
              />
               
            </button>
          </a>
        </div>
      </div>
      <div
        className="container"
      >
        <div
          className="row mt-4 full-width row d-flex justify-content-center"
        >
          <div
            className="col-lg-10"
          >
            <form
              className="row"
              onSubmit={[Function]}
            >
              <div
                className="col-lg-5"
              >
                <div
                  className="full-width"
                >
                  <input
                    className="search-bar form-control"
                    name="term"
                    onChange={[Function]}
                    placeholder="Type to search!"
                    type="text"
                    value=""
                  />
                </div>
              </div>
              <div
                className="col-lg-5"
              >
                <div
                  className="form-group filter"
                >
                  <select
                    className="form-select"
                    onChange={[Function]}
                  >
                    <option
                      value="all"
                    >
                      All media
                    </option>
                    <option
                      value="movie"
                    >
                      Movie
                    </option>
                    <option
                      value="podcast"
                    >
                      Podcast
                    </option>
                    <option
                      value="music"
                    >
                      Music
                    </option>
                    <option
                      value="musicVideo"
                    >
                      Music video
                    </option>
                    <option
                      value="audiobook"
                    >
                      Audio book
                    </option>
                    <option
                      value="shortFilm"
                    >
                      Short film
                    </option>
                    <option
                      value="tvShow"
                    >
                      TV show
                    </option>
                    <option
                      value="software"
                    >
                      Software
                    </option>
                    <option
                      value="ebook"
                    >
                      Ebook
                    </option>
                  </select>
                </div>
              </div>
              <div
                className="col-lg-2"
              >
                <button
                  className="btn btn-success btn btn-primary"
                  disabled={false}
                  type="submit"
                >
                  <i
                    className="fa fa-search"
                  />
                   Search  
                </button>
              </div>
            </form>
          </div>
        </div>
      </div>
      <div
        className="display-container"
      >
        <div
          className="welcome-text align-center"
        >
          Please enter a search term above and click 'Search'.
        </div>
      </div>
    </div>
  </div>
</div>
`;
